#include   "..\myfile.h" : ..\myfile.h
#include   <string> : string
