files[0] = /Users/llewellyn/Github/ApprovalTests.cpp/ApprovalTests/namers/ApprovalNamer.h
files[1] = /Users/llewellyn/Github/ApprovalTests.cpp/ApprovalTests/reporters/CommandLauncher.h
files[2] = /Users/llewellyn/Github/ApprovalTests.cpp/ApprovalTests/reporters/DiffReporter.h
files[3] = /Users/llewellyn/Github/ApprovalTests.cpp/ApprovalTests/reporters/FirstWorkingReporter.h
files[4] = /Users/llewellyn/Github/ApprovalTests.cpp/ApprovalTests/reporters/Reporter.h
files[5] = /Users/llewellyn/Github/ApprovalTests.cpp/ApprovalTests/ApprovalException.h
files[6] = /Users/llewellyn/Github/ApprovalTests.cpp/ApprovalTests/Approvals.h
files[7] = /Users/llewellyn/Github/ApprovalTests.cpp/ApprovalTests/ApprovalTests.h
files[8] = /Users/llewellyn/Github/ApprovalTests.cpp/ApprovalTests/Catch2Approvals.h
files[9] = /Users/llewellyn/Github/ApprovalTests.cpp/ApprovalTests/FileApprover.h
files[10] = /Users/llewellyn/Github/ApprovalTests.cpp/ApprovalTests/FileUtils.h
files[11] = /Users/llewellyn/Github/ApprovalTests.cpp/ApprovalTests/Macros.h
files[12] = /Users/llewellyn/Github/ApprovalTests.cpp/ApprovalTests/StringWriter.h
